../Core/Src/traffic_led_process.c:43:6:init_traffic_process	8	static
../Core/Src/traffic_led_process.c:50:6:set_default_traffic_time	4	static
../Core/Src/traffic_led_process.c:59:6:init_traffic_time	4	static
../Core/Src/traffic_led_process.c:69:6:auto_mode_process	8	static
../Core/Src/traffic_led_process.c:157:6:manual_mode_process	8	static
../Core/Src/traffic_led_process.c:195:15:check_error	4	static
../Core/Src/traffic_led_process.c:201:6:increase_led_counter	16	static
../Core/Src/traffic_led_process.c:231:6:traffic_process	8	static
